#-----------------------------------------------------------
# Vivado v2023.2 (64-bit)
# SW Build 4029153 on Fri Oct 13 20:14:34 MDT 2023
# IP Build 4028589 on Sat Oct 14 00:45:43 MDT 2023
# SharedData Build 4025554 on Tue Oct 10 17:18:54 MDT 2023
# Start of session at: Fri May 24 23:24:10 2024
# Process ID: 17488
# Current directory: E:/GitHub Projects/216BProject/ECE216BNew.runs/MEMDesign_blk_mem_gen_0_0_synth_1
# Command line: vivado.exe -log MEMDesign_blk_mem_gen_0_0.vds -product Vivado -mode batch -messageDb vivado.pb -notrace -source MEMDesign_blk_mem_gen_0_0.tcl
# Log file: E:/GitHub Projects/216BProject/ECE216BNew.runs/MEMDesign_blk_mem_gen_0_0_synth_1/MEMDesign_blk_mem_gen_0_0.vds
# Journal file: E:/GitHub Projects/216BProject/ECE216BNew.runs/MEMDesign_blk_mem_gen_0_0_synth_1\vivado.jou
# Running On: Vicky-089f, OS: Windows, CPU Frequency: 2994 MHz, CPU Physical cores: 12, Host memory: 16495 MB
#-----------------------------------------------------------
source MEMDesign_blk_mem_gen_0_0.tcl -notrace
